matrix 5173 1920
cues complete 5173 1920
matrix 5173 1440
cues complete 5173 1440
matrix 5173 390
cues complete 5173 390
matrix 4173 1920
cues complete 4173 1920
matrix 4173 1440
cues complete 4173 1440
matrix 4173 390
cues complete 4173 390
node:internal/modules/run_main:107
    triggerUncaughtException(
    ^

locator.waitFor: Timeout 15000ms exceeded.
Call log:
  - waiting for locator('.demo-experience').locator('.demo-fallback') to be visible

    at /home/outsider/github/ETHGlobal_Victor/docs/evidence/050-demo-experience.mjs:88:185 {
  log: [
    "  - waiting for locator('.demo-experience').locator('.demo-fallback') to be visible"
  ],
  name: 'TimeoutError'
}

Node.js v24.19.0
