[
  {
    "nativeContextLoss": true,
    "pageErrors": [],
    "width": 1920,
    "height": 1080,
    "deviceScaleFactor": 1,
    "scene": "T05 lock animation",
    "browser": "143.0.7499.169",
    "renderer": "ANGLE (Google, Vulkan 1.3.0 (SwiftShader Device (Subzero) (0x0000C0DE)), SwiftShader driver)",
    "dpr": 0.7496339677891655,
    "drawsAt15": 444,
    "drawsAt30": 519,
    "samples": 120,
    "medianMs": 16.700000000000728,
    "p95Ms": 50,
    "maxMs": 66.59999999999945,
    "medianFPS": 59.88023952095548,
    "targetFPS": 60
  },
  {
    "nativeContextLoss": true,
    "pageErrors": [],
    "width": 1440,
    "height": 900,
    "deviceScaleFactor": 1,
    "scene": "T05 lock animation",
    "browser": "143.0.7499.169",
    "renderer": "ANGLE (Google, Vulkan 1.3.0 (SwiftShader Device (Subzero) (0x0000C0DE)), SwiftShader driver)",
    "dpr": 0.7497983545733182,
    "drawsAt15": 635,
    "drawsAt30": 710,
    "samples": 120,
    "medianMs": 16.699999999999818,
    "p95Ms": 33.399999999999636,
    "maxMs": 50,
    "medianFPS": 59.88023952095874,
    "targetFPS": 60
  },
  {
    "nativeContextLoss": true,
    "pageErrors": [],
    "width": 390,
    "height": 844,
    "deviceScaleFactor": 1,
    "scene": "T05 lock animation",
    "browser": "143.0.7499.169",
    "renderer": "ANGLE (Google, Vulkan 1.3.0 (SwiftShader Device (Subzero) (0x0000C0DE)), SwiftShader driver)",
    "dpr": 0.7484276729559748,
    "drawsAt15": 739,
    "drawsAt30": 814,
    "samples": 120,
    "medianMs": 16.699999999999818,
    "p95Ms": 33.400000000000546,
    "maxMs": 50.099999999999454,
    "medianFPS": 59.88023952095874,
    "targetFPS": 30
  }
]
