npm warn deprecated inflight@1.0.6: This module is not supported, and leaks memory. Do not use it. Check out lru-cache if you want a good and tested way to coalesce async requests by a key value, which is much more comprehensive and powerful.
npm warn deprecated npmlog@5.0.1: This package is no longer supported.
npm warn deprecated rimraf@3.0.2: Rimraf versions prior to v4 are no longer supported
npm warn deprecated glob@7.2.3: Old versions of glob are not supported, and contain widely publicized security vulnerabilities, which have been fixed in the current version. Please update. Support for old versions may be purchased (at exorbitant rates) by contacting i@izs.me
npm warn deprecated glob@8.1.0: Old versions of glob are not supported, and contain widely publicized security vulnerabilities, which have been fixed in the current version. Please update. Support for old versions may be purchased (at exorbitant rates) by contacting i@izs.me
npm warn deprecated are-we-there-yet@2.0.0: This package is no longer supported.
npm warn deprecated gauge@3.0.2: This package is no longer supported.
npm warn deprecated multibase@4.0.6: This module has been superseded by the multiformats module
npm warn deprecated multicodec@3.2.1: This module has been superseded by the multiformats module
npm warn deprecated @motionone/vue@10.16.4: Motion One for Vue is deprecated. Use Oku Motion instead https://oku-ui.com/motion
npm warn deprecated crypto-js@4.2.0: Active development of CryptoJS has been discontinued. This library is no longer maintained.
npm warn deprecated @walletconnect/modal@2.7.0: Please follow the migration guide on https://docs.reown.com/appkit/upgrade/wcm
npm warn deprecated node-domexception@1.0.0: Use your platform's native DOMException instead
npm warn deprecated uuid@8.3.2: uuid@10 and below is no longer supported.  For ESM codebases, update to uuid@latest.  For CommonJS codebases, use uuid@11 (but be aware this version will likely be deprecated in 2028).
npm warn deprecated uuid@8.3.2: uuid@10 and below is no longer supported.  For ESM codebases, update to uuid@latest.  For CommonJS codebases, use uuid@11 (but be aware this version will likely be deprecated in 2028).
npm warn deprecated uuid@9.0.0: uuid@10 and below is no longer supported.  For ESM codebases, update to uuid@latest.  For CommonJS codebases, use uuid@11 (but be aware this version will likely be deprecated in 2028).
npm warn deprecated uuid@9.0.1: uuid@10 and below is no longer supported.  For ESM codebases, update to uuid@latest.  For CommonJS codebases, use uuid@11 (but be aware this version will likely be deprecated in 2028).
npm warn deprecated uuid@9.0.1: uuid@10 and below is no longer supported.  For ESM codebases, update to uuid@latest.  For CommonJS codebases, use uuid@11 (but be aware this version will likely be deprecated in 2028).
npm warn deprecated @safe-global/safe-gateway-typescript-sdk@3.23.1: Package no longer supported. Contact Support at https://www.npmjs.com/support for more info.
npm warn deprecated glob@10.5.0: Old versions of glob are not supported, and contain widely publicized security vulnerabilities, which have been fixed in the current version. Please update. Support for old versions may be purchased (at exorbitant rates) by contacting i@izs.me
npm warn deprecated @walletconnect/sign-client@2.19.2: Reliability and performance improvements. See: https://github.com/WalletConnect/walletconnect-monorepo/releases

> holdbook@0.0.0 postinstall
> node scripts/rebuild-proto.mjs && node scripts/patch-ats-readonly.mjs && node scripts/patch-ats-wallet.mjs

{"compiler":"protobufjs-cli 1.3.3","runtime":"7.6.6","importMappingCount":428,"packages":[{"name":"@hashgraph/proto","namespace":"hashgraph_2_18_5","inputs":125,"loaded":135},{"name":"@hiero-ledger/proto","namespace":"hiero_2_25_0","inputs":174,"loaded":175}],"outputs":[{"path":"node_modules/@hashgraph/proto/src/proto.js","sha256":"cc0f3a72063f5193e37cd34282f8977aa67b01b996eb0c93f7df0bd619699591","bytes":3018373},{"path":"node_modules/@hashgraph/proto/lib/proto.js","sha256":"e78ae8d2888f3f2b3355a0a690c2fd7c4189e576c5fd27291dc013405e4ec90f","bytes":3018252},{"path":"node_modules/@hiero-ledger/proto/src/proto.js","sha256":"e0ca4ab92d3d21037507003b94b055328ae42cc213c075d6dc8fdb026cb8b3b8","bytes":4128621},{"path":"node_modules/@hiero-ledger/proto/lib/proto.js","sha256":"1e87d6c1ef5ca6443171b67d080af121e936d2558801c764d508af6021de4b7a","bytes":4128474}]}
{"version":"8.0.0","checked":12,"changed":12}
{"version":"8.0.0","checked":16,"changed":16}

added 1305 packages in 4m

204 packages are looking for funding
  run `npm fund` for details
npm warn allow-scripts 4 packages have install scripts not yet covered by allowScripts:
npm warn allow-scripts   @reown/appkit@1.8.19 (postinstall: node scripts/appkit-version-check.js)
npm warn allow-scripts   keccak@3.0.4 (install: node-gyp-build || exit 0)
npm warn allow-scripts   protobufjs@7.6.6 (postinstall: node scripts/postinstall)
npm warn allow-scripts   secp256k1@4.0.5 (install: node-gyp-build || exit 0)
npm warn allow-scripts
npm warn allow-scripts Run `npm approve-scripts --allow-scripts-pending` to review, or `npm approve-scripts <pkg>` to allow.
