
> holdbook@0.0.0 build
> vite build

vite v8.2.2 building client environment for production...
transforming...
✓ 10880 modules transformed.
rendering chunks...
computing gzip size...
dist/index.html                                          1.20 kB │ gzip:   0.49 kB
dist/assets/index-D0EbeU2b.css                          42.50 kB │ gzip:   9.08 kB
dist/assets/wui-icon-CnqB7m0x.js                         0.03 kB │ gzip:   0.05 kB
dist/assets/wui-image-DSc9899t.js                        0.03 kB │ gzip:   0.05 kB
dist/assets/wui-shimmer-D5lzBlV2.js                      0.03 kB │ gzip:   0.05 kB
dist/assets/wui-icon-box-DM62s41m.js                     0.03 kB │ gzip:   0.05 kB
dist/assets/wui-input-text-Dwa9mFqP.js                   0.03 kB │ gzip:   0.05 kB
dist/assets/wui-loading-spinner-BwVb8-Sp.js              0.04 kB │ gzip:   0.06 kB
dist/assets/NavigationUtil-CLCRNDHF.js                   0.06 kB │ gzip:   0.08 kB
dist/assets/if-defined-CuYKaY4o.js                       0.06 kB │ gzip:   0.08 kB
dist/assets/dist-D6L6gF64.js                             0.10 kB │ gzip:   0.11 kB
dist/assets/MathUtil-B2UslVSw.js                         0.22 kB │ gzip:   0.18 kB
dist/assets/ConstantsUtil-Cp8ebnfI.js                    0.49 kB │ gzip:   0.36 kB
dist/assets/AlertController-hD4WZMKO.js                  0.64 kB │ gzip:   0.40 kB
dist/assets/transactions-DPDaZXdu.js                     0.96 kB │ gzip:   0.57 kB
dist/assets/preload-helper-Czpn1I53.js                   1.19 kB │ gzip:   0.67 kB
dist/assets/wui-email-input-AL4hfpJx.js                  1.34 kB │ gzip:   0.69 kB
dist/assets/rolldown-runtime-BcKkbAw3.js                 1.34 kB │ gzip:   0.72 kB
dist/assets/wui-separator-BkxkSWns.js                    1.49 kB │ gzip:   0.74 kB
dist/assets/wui-shimmer-DEiJ1R8g.js                      1.52 kB │ gzip:   0.74 kB
dist/assets/PhCaretLeft-CI460R-A.js                      1.85 kB │ gzip:   0.90 kB
dist/assets/dist-Cuadm9-o.js                             1.86 kB │ gzip:   0.84 kB
dist/assets/ref-D-bUnIrx.js                              1.87 kB │ gzip:   0.89 kB
dist/assets/PhCaretDown-BDNabFuL.js                      1.91 kB │ gzip:   0.93 kB
dist/assets/PhCaretRight-D7ZS3Ls8.js                     1.93 kB │ gzip:   0.92 kB
dist/assets/PhCaretUp-C-iIfyvO.js                        1.99 kB │ gzip:   0.91 kB
dist/assets/PhArrowUpRight-BNghD2zq.js                   2.03 kB │ gzip:   0.99 kB
dist/assets/ConstantsUtil-IgQrDvg6.js                    2.06 kB │ gzip:   0.77 kB
dist/assets/PhArrowDown-87b1BizM.js                      2.07 kB │ gzip:   0.99 kB
dist/assets/PhPlus-C4UoW-2n.js                           2.08 kB │ gzip:   0.94 kB
dist/assets/PhCheck-DxQXn57r.js                          2.08 kB │ gzip:   0.96 kB
dist/assets/PhArrowRight-AdrIL4DW.js                     2.08 kB │ gzip:   0.99 kB
dist/assets/PhArrowLeft-Da0MfnbK.js                      2.09 kB │ gzip:   0.98 kB
dist/assets/PhArrowUp-4sgyKPGx.js                        2.14 kB │ gzip:   0.98 kB
dist/assets/utils-Br0svb7K.js                            2.16 kB │ gzip:   0.98 kB
dist/assets/PhBrowser-2-9m-AkM.js                        2.18 kB │ gzip:   0.95 kB
dist/assets/PhMagnifyingGlass-C9u8jSCJ.js                2.18 kB │ gzip:   1.05 kB
dist/assets/PhDotsThree-D-k1BiYg.js                      2.22 kB │ gzip:   0.92 kB
dist/assets/hex-encoding-B19xAT_7.js                     2.24 kB │ gzip:   1.05 kB
dist/assets/PhCopy-CWNYcABI.js                           2.33 kB │ gzip:   0.99 kB
dist/assets/PhFunnelSimple-CfQs5DAW.js                   2.33 kB │ gzip:   0.98 kB
dist/assets/PhClock-x3MS3Mwi.js                          2.34 kB │ gzip:   1.01 kB
dist/assets/PhWarningCircle-BXHw1fCt.js                  2.40 kB │ gzip:   1.03 kB
dist/assets/wui-avatar-C5Kn650E.js                       2.46 kB │ gzip:   1.02 kB
dist/assets/PhX-DX0SFIqC.js                              2.47 kB │ gzip:   1.04 kB
dist/assets/PhDeviceMobile-CsyA5Goi.js                   2.54 kB │ gzip:   1.05 kB
dist/assets/PhArrowClockwise-DVgyFuez.js                 2.56 kB │ gzip:   1.17 kB
dist/assets/PhUser-0sWNXQeZ.js                           2.65 kB │ gzip:   1.25 kB
dist/assets/PhEnvelope-D8kzeNox.js                       2.66 kB │ gzip:   1.16 kB
dist/assets/PhCircleHalf-MJZeRBGF.js                     2.69 kB │ gzip:   1.20 kB
dist/assets/PhSignOut-CxELV-i0.js                        2.73 kB │ gzip:   1.14 kB
dist/assets/PhInfo-Bwi51-2X.js                           2.74 kB │ gzip:   1.19 kB
dist/assets/PhPower-CFyWDmgD.js                          2.75 kB │ gzip:   1.26 kB
dist/assets/wui-icon-link-DJfVhxTo.js                    2.75 kB │ gzip:   0.98 kB
dist/assets/PhDesktop-CxrzCSv5.js                        2.75 kB │ gzip:   1.09 kB
dist/assets/PhArrowsLeftRight-MuKBLUoF.js                2.77 kB │ gzip:   1.16 kB
dist/assets/PhArrowCircleDown-D97G-BOA.js                2.78 kB │ gzip:   1.16 kB
dist/assets/PhWallet-DzNiREN9.js                         2.80 kB │ gzip:   1.15 kB
dist/assets/PhQuestionMark-CV0k9C0Y.js                   2.81 kB │ gzip:   1.28 kB
dist/assets/PhArrowSquareOut-Bk2CMG3I.js                 2.89 kB │ gzip:   1.23 kB
dist/assets/PhArrowsDownUp-DM09Jo_3.js                   2.90 kB │ gzip:   1.15 kB
dist/assets/PhCreditCard-Fy4pzwtt.js                     2.90 kB │ gzip:   1.13 kB
dist/assets/PhBank-fHbgCqqZ.js                           2.91 kB │ gzip:   1.23 kB
dist/assets/PhVault-6JTskUcC.js                          2.93 kB │ gzip:   1.18 kB
dist/assets/wui-icon-box-DqQ8Qk2h.js                     2.94 kB │ gzip:   0.97 kB
dist/assets/PhCompass-hYn3HhGN.js                        2.95 kB │ gzip:   1.25 kB
dist/assets/wui-link-DbnMCW76.js                         2.96 kB │ gzip:   1.00 kB
dist/assets/PhPaperPlaneRight-zxQVvPLX.js                3.06 kB │ gzip:   1.40 kB
dist/assets/wui-image-DQFIUVgR.js                        3.08 kB │ gzip:   1.19 kB
dist/assets/PhTrash-C9PD0SAt.js                          3.09 kB │ gzip:   1.17 kB
dist/assets/PhCurrencyDollar-BgiaenCi.js                 3.22 kB │ gzip:   1.32 kB
dist/assets/HelpersUtil-DXUyVi_j.js                      3.26 kB │ gzip:   1.33 kB
dist/assets/PhQuestion-wOWJBd3G.js                       3.28 kB │ gzip:   1.43 kB
dist/assets/wui-list-token-BieTCgEw.js                   3.30 kB │ gzip:   1.24 kB
dist/assets/PhImage-Cf0J2ZfJ.js                          3.40 kB │ gzip:   1.43 kB
dist/assets/wui-list-item-Cb3aQwLD.js                    3.72 kB │ gzip:   1.30 kB
dist/assets/PhArrowsClockwise-BXRn1GEl.js                3.84 kB │ gzip:   1.57 kB
dist/assets/PhWarning-CoKs3gz6.js                        3.88 kB │ gzip:   1.47 kB
dist/assets/wui-input-amount-D0IKS2mc.js                 4.04 kB │ gzip:   1.51 kB
dist/assets/wui-list-social-X8ysFBGh.js                  4.13 kB │ gzip:   1.76 kB
dist/assets/PhIdentificationCard-CfkZm-5K.js             4.19 kB │ gzip:   1.63 kB
dist/assets/utils-62W0Csdc.js                            4.29 kB │ gzip:   1.76 kB
dist/assets/PhSpinner-CGDmbzUd.js                        4.42 kB │ gzip:   1.63 kB
dist/assets/wui-token-button-Cvakr3Lv.js                 4.68 kB │ gzip:   1.43 kB
dist/assets/wui-loading-spinner-Dvb-aG8-.js              4.79 kB │ gzip:   1.97 kB
dist/assets/PhLightbulb-C4FZV7Es.js                      4.88 kB │ gzip:   1.84 kB
dist/assets/PhQrCode-CP3tFauY.js                         4.89 kB │ gzip:   1.46 kB
dist/assets/w3m-onramp-providers-footer-DOY-LmFh.js      4.93 kB │ gzip:   1.77 kB
dist/assets/wui-qr-code-CuEs9Fnl.js                      5.21 kB │ gzip:   2.13 kB
dist/assets/PhPuzzlePiece-BjoNVfST.js                    5.34 kB │ gzip:   1.94 kB
dist/assets/w3m-tooltip-fCVgM5Av.js                      5.55 kB │ gzip:   1.92 kB
dist/assets/wui-button-Sl_OQ_HW.js                       5.63 kB │ gzip:   1.52 kB
dist/assets/PhGlobe-DvmSc9_A.js                          5.69 kB │ gzip:   1.91 kB
dist/assets/features--8NFaJ8Z.js                         5.75 kB │ gzip:   2.27 kB
dist/assets/wui-input-text-B2Gtaka7.js                   6.26 kB │ gzip:   1.93 kB
dist/assets/receive-DiGiviDO.js                          6.61 kB │ gzip:   2.37 kB
dist/assets/wui-loading-thumbnail-ChmXYl3z.js            7.82 kB │ gzip:   2.37 kB
dist/assets/ExchangeController-D5iAIMF0.js               7.97 kB │ gzip:   3.06 kB
dist/assets/hmac-BSeZHieH.js                             9.70 kB │ gzip:   4.61 kB
dist/assets/w3m-email-otp-widget-BwXl3Qt9.js             9.73 kB │ gzip:   3.16 kB
dist/assets/wui-wallet-switch-kmCnLUyK.js               10.16 kB │ gzip:   3.03 kB
dist/assets/CaipNetworkUtil-Beg9sSn9.js                 10.31 kB │ gzip:   4.74 kB
dist/assets/email-CJy_MVQ1.js                           10.50 kB │ gzip:   2.79 kB
dist/assets/dist-DPKNlvg4.js                            11.74 kB │ gzip:   4.33 kB
dist/assets/PhSealCheck-vIKzREuN.js                     12.07 kB │ gzip:   4.06 kB
dist/assets/src-Ckws4D3v.js                             12.65 kB │ gzip:   5.19 kB
dist/assets/index.browser-BDf4v9YX.js                   13.33 kB │ gzip:   4.60 kB
dist/assets/SwapController-Dh7Ohvs9.js                  13.85 kB │ gzip:   3.96 kB
dist/assets/browser-ponyfill-D7h5ucDO.js                14.32 kB │ gzip:   4.67 kB
dist/assets/pay-with-exchange-BacwD6dC.js               15.80 kB │ gzip:   4.11 kB
dist/assets/property-DuZ9DLP4.js                        16.17 kB │ gzip:   6.08 kB
dist/assets/index.es-Bx83BAeO.js                        16.19 kB │ gzip:   5.79 kB
dist/assets/socials-BRJcPpNU.js                         17.96 kB │ gzip:   4.70 kB
dist/assets/data-capture-BRvs9fUe.js                    18.36 kB │ gzip:   5.69 kB
dist/assets/wui-list-wallet-DYexwR93.js                 23.66 kB │ gzip:   6.62 kB
dist/assets/browser-BLmJMKa5.js                         24.00 kB │ gzip:   9.07 kB
dist/assets/secp256k1-I33RQ7_Z.js                       25.13 kB │ gzip:   9.85 kB
dist/assets/embedded-wallet-DOFQOGqR.js                 25.61 kB │ gzip:   6.80 kB
dist/assets/onramp-C692QyPu.js                          26.13 kB │ gzip:   6.54 kB
dist/assets/OptionsController-DgdkkawG.js               26.51 kB │ gzip:   7.82 kB
dist/assets/dist-ZKTSEBXW.js                            26.89 kB │ gzip:   8.28 kB
dist/assets/secp256k1-CZeT5Ut3.js                       27.96 kB │ gzip:  10.82 kB
dist/assets/secp256k1-D_3IvMuz.js                       30.34 kB │ gzip:  12.04 kB
dist/assets/send-DXw4_9Ft.js                            33.21 kB │ gzip:   7.50 kB
dist/assets/W3mFrameHelpers-06hsKr9T.js                 34.54 kB │ gzip:  13.38 kB
dist/assets/w3m-activity-list-D3UR13iq.js               34.76 kB │ gzip:  10.41 kB
dist/assets/exports-GL0dN1cC.js                         37.26 kB │ gzip:  11.13 kB
dist/assets/wui-visual-BMjhQwDp.js                      45.98 kB │ gzip:  14.09 kB
dist/assets/swaps-P8hvEdUd.js                           54.74 kB │ gzip:   9.85 kB
dist/assets/wui-text-BaeeCfo1.js                        60.39 kB │ gzip:  20.00 kB
dist/assets/w3m-modal-BdsqaFt5.js                       77.71 kB │ gzip:  19.61 kB
dist/assets/HelpersUtil-T4QkRvnz.js                     83.54 kB │ gzip:  23.35 kB
dist/assets/ErrorUtil-CecG85IV.js                       96.38 kB │ gzip:  24.21 kB
dist/assets/ccip-DlO_9iB5.js                           108.28 kB │ gzip:  30.83 kB
dist/assets/ModalController-BOYGLUXg.js                109.44 kB │ gzip:  30.29 kB
dist/assets/ModalController-DQhnFodk.js                109.48 kB │ gzip:  30.32 kB
dist/assets/dist-DLli_1s6.js                           110.37 kB │ gzip:  33.84 kB
dist/assets/_esm-Dwt2YpRL.js                           125.06 kB │ gzip:  37.63 kB
dist/assets/exports-CePVLY0j.js                        186.74 kB │ gzip:  46.19 kB
dist/assets/exports-Ca3ylBao.js                        220.33 kB │ gzip:  42.49 kB
dist/assets/lib.esm-ChneCZPO.js                        380.66 kB │ gzip: 139.26 kB
dist/assets/exports-GzEQTpLo.js                        510.15 kB │ gzip: 152.34 kB
dist/assets/index-DKOyMryN.js                          631.01 kB │ gzip: 183.86 kB
dist/assets/dist-uEEupg4C.js                         1,450.46 kB │ gzip: 571.00 kB
dist/assets/browser-BUwey8wG.js                      2,369.39 kB │ gzip: 486.53 kB
dist/assets/src-BJ1oGdwx.js                          3,361.93 kB │ gzip: 758.49 kB
dist/assets/typechain-types-CDXKhyr1.js              5,500.09 kB │ gzip: 917.72 kB

[EVAL] Use of direct `eval` function is strongly discouraged as it poses security risks and may cause issues with minification.
     ╭─[ node_modules/vm-browserify/index.js:110:12 ]
     │
 110 │     return eval(this.code); // maybe...
     │            ──┬─
     │              ╰─── Use of direct `eval` here.
     │
     │ Help: Consider using indirect eval. For more information, check the documentation: https://rolldown.rs/guide/troubleshooting#avoiding-direct-eval
─────╯

[plugin builtin:vite-reporter]
(!) Some chunks are larger than 500 kB after minification. Consider:
- Using dynamic import() to code-split the application
- Use build.rolldownOptions.output.codeSplitting to improve chunking: https://rolldown.rs/reference/OutputOptions.codeSplitting
- Adjust chunk size limit for this warning via build.chunkSizeWarningLimit.
✓ built in 9.78s
